/home/minio/ai-training/.venv/lib/python3.12/site-packages/torch/cuda/__init__.py:64: FutureWarning: The pynvml package is deprecated. Please install nvidia-ml-py instead. If you did not install pynvml directly, please report this to the maintainers of the package that installed pynvml for you.
  import pynvml  # type: ignore[import]
== B1 fetch throughput | backend=http ==
   endpoint(s): ['aistor1:9000', 'aistor2:9000']
   sizes: [1, 4, 16, 64, 256] MiB   concurrency: [1, 4, 8, 16, 32, 64]
   preparing 1 MiB objects
   preparing 4 MiB objects
   preparing 16 MiB objects
   preparing 64 MiB objects
   preparing 256 MiB objects

    size  conc     GB/s     ops/s    p50 ms    p99 ms   cores  GB/s/core
------------------------------------------------------------------------
      1M     1     0.27     253.1      2.90      8.23    0.41       0.65
      1M     4     0.91     868.4      4.06      5.57    1.06       0.85
      1M     8     0.66     626.8     10.71     18.80    1.29       0.51
      1M    16     0.59     563.6     23.40     47.35    2.98       0.20
      1M    32     0.49     465.8     49.87    134.77    1.33       0.37
      1M    64     0.45     431.0     76.15    240.57    1.33       0.34
      4M     1     0.53     127.5      7.15      9.50    1.26       0.42
      4M     4     0.48     115.5     29.93     60.35    1.30       0.37
      4M     8     0.44     104.4     63.83    141.10    1.30       0.34
      4M    16     0.47     111.7    122.81    248.24    1.29       0.36
      4M    32     0.47     111.0    189.85    677.91    1.31       0.36
      4M    64     0.45     106.3    413.44   1924.60    1.32       0.34
     16M     1     0.79      47.0     20.46     23.23    1.41       0.56
     16M     4     0.84      49.8     79.76    113.38    1.47       0.57
     16M     8     0.83      49.6    148.43    254.79    1.47       0.57
     16M    16     0.81      48.1    270.88    618.15    1.50       0.54
     16M    32     0.81      48.5    512.49   1483.23    1.49       0.55
     16M    64   FAILED: OSError: [Errno 24] Too many open files: '/proc/stat'
     64M     1     1.87      27.9     35.44     36.95    1.99       0.94
     64M     4     1.92      28.7    145.72    174.85    2.49       0.77
     64M     8     1.92      28.6    263.37    446.10    2.01       0.95
     64M    16     1.92      28.6    514.01    871.94    2.08       0.92
     64M    32     1.93      28.8    885.91   2506.50    2.03       0.95
     64M    64   FAILED: OSError: [Errno 24] Too many open files: '/proc/stat'
    256M     1     3.03      11.3     88.36     89.81    2.76       1.10
    256M     4     2.99      11.1    364.53    550.93    2.85       1.05
    256M     8     3.03      11.3    677.33   1011.33    2.79       1.08
    256M    16     2.91      10.8   1380.90   2216.24    2.82       1.03
    256M    32     2.93      10.9   2342.27   6126.13    2.90       1.01
    256M    64   FAILED: OSError: [Errno 24] Too many open files: '/proc/stat'

peak: 3.03 GB/s at 256 MiB x 1
saved: results/b1-fetch-dual-node-fixed-http-20260818-230704.json
