/home/minio/ai-training/.venv/lib/python3.12/site-packages/torch/cuda/__init__.py:64: FutureWarning: The pynvml package is deprecated. Please install nvidia-ml-py instead. If you did not install pynvml directly, please report this to the maintainers of the package that installed pynvml for you.
  import pynvml  # type: ignore[import]
== B1 fetch throughput | backend=http ==
   endpoint(s): ['aistor1:9000', 'aistor2:9000']
   sizes: [1, 4, 16, 64, 256] MiB   concurrency: [1, 4, 8, 16, 32, 64]
   preparing 1 MiB objects
   preparing 4 MiB objects
   preparing 16 MiB objects
   preparing 64 MiB objects
   preparing 256 MiB objects

    size  conc     GB/s     ops/s    p50 ms    p99 ms   cores  GB/s/core
------------------------------------------------------------------------
      1M     1     0.30     282.6      3.34      4.39     0.0 296294007.90
      1M     4     0.58     556.3      4.99     19.19     0.9       0.64
      1M     8     0.78     746.9      8.26     15.41     1.5       0.51
      1M    16     0.68     647.6     17.99     42.66     1.3       0.51
      1M    32     0.57     547.0     37.74    103.38     1.4       0.42
      1M    64     0.51     482.1     53.99    242.68     1.3       0.38
      4M     1     0.53     126.3      7.27      9.85     1.0       0.52
      4M     4     0.56     133.3     26.18     50.69     1.2       0.46
      4M     8     0.65     155.7     47.90    108.09     1.3       0.50
      4M    16     0.69     165.4     91.22    155.29     1.4       0.51
      4M    32     0.70     166.3    175.27    282.44     1.4       0.51
      4M    64     0.63     149.5    360.54    502.89     1.3       0.47
     16M     1     0.95      56.3     18.39     19.10     1.6       0.60
     16M     4     1.01      60.4     64.59    110.84     1.5       0.66
     16M     8     1.06      62.9    117.25    204.08     1.5       0.70
     16M    16     1.10      65.5    227.44    383.91     1.6       0.70
     16M    32     1.14      67.9    451.82    621.17     1.6       0.73
     16M    64     1.05      62.3    974.20   1190.61     1.6       0.65
     64M     1     2.11      31.4     32.24     32.80     2.3       0.92
     64M     4     2.28      34.0    117.40    167.51     2.2       1.05
     64M     8     2.15      32.0    235.78    371.45     2.1       1.03
     64M    16     2.32      34.5    454.56    619.88     2.4       0.99
     64M    32     2.28      33.9    909.29   1105.22     2.2       1.02
     64M    64     2.09      31.2   1991.45   2254.81     2.2       0.95
    256M     1     2.88      10.7     92.71     95.86     2.7       1.06
    256M     4     3.09      11.5    342.67    454.96     2.9       1.07
    256M     8     3.09      11.5    650.92   1219.62     2.9       1.07
    256M    16     3.10      11.5   1372.27   1628.70     2.9       1.06
    256M    32     3.07      11.5   2751.43   3043.82     2.9       1.05
    256M    64     3.14      11.7   5409.24   5704.18     3.0       1.06

peak: 3.14 GB/s at 256 MiB x 64
saved: results/b1-fetch-dual-node-http-20260818-230241.json
