/home/minio/ai-training/.venv/lib/python3.12/site-packages/torch/cuda/__init__.py:64: FutureWarning: The pynvml package is deprecated. Please install nvidia-ml-py instead. If you did not install pynvml directly, please report this to the maintainers of the package that installed pynvml for you.
  import pynvml  # type: ignore[import]
W0819 00:33:38.429000 185447 .venv/lib/python3.12/site-packages/torch/distributed/run.py:874] 
W0819 00:33:38.429000 185447 .venv/lib/python3.12/site-packages/torch/distributed/run.py:874] *****************************************
W0819 00:33:38.429000 185447 .venv/lib/python3.12/site-packages/torch/distributed/run.py:874] Setting OMP_NUM_THREADS environment variable for each process to be 1 in default, to avoid your system being overloaded, please further tune the variable for optimal performance in your application as needed. 
W0819 00:33:38.429000 185447 .venv/lib/python3.12/site-packages/torch/distributed/run.py:874] *****************************************
/home/minio/ai-training/.venv/lib/python3.12/site-packages/torch/cuda/__init__.py:64: FutureWarning: The pynvml package is deprecated. Please install nvidia-ml-py instead. If you did not install pynvml directly, please report this to the maintainers of the package that installed pynvml for you.
  import pynvml  # type: ignore[import]
/home/minio/ai-training/.venv/lib/python3.12/site-packages/torch/cuda/__init__.py:64: FutureWarning: The pynvml package is deprecated. Please install nvidia-ml-py instead. If you did not install pynvml directly, please report this to the maintainers of the package that installed pynvml for you.
  import pynvml  # type: ignore[import]
/home/minio/ai-training/.venv/lib/python3.12/site-packages/torch/cuda/__init__.py:64: FutureWarning: The pynvml package is deprecated. Please install nvidia-ml-py instead. If you did not install pynvml directly, please report this to the maintainers of the package that installed pynvml for you.
  import pynvml  # type: ignore[import]
/home/minio/ai-training/.venv/lib/python3.12/site-packages/torch/cuda/__init__.py:64: FutureWarning: The pynvml package is deprecated. Please install nvidia-ml-py instead. If you did not install pynvml directly, please report this to the maintainers of the package that installed pynvml for you.
  import pynvml  # type: ignore[import]
/home/minio/ai-training/.venv/lib/python3.12/site-packages/torch/cuda/__init__.py:64: FutureWarning: The pynvml package is deprecated. Please install nvidia-ml-py instead. If you did not install pynvml directly, please report this to the maintainers of the package that installed pynvml for you.
  import pynvml  # type: ignore[import]
/home/minio/ai-training/.venv/lib/python3.12/site-packages/torch/cuda/__init__.py:64: FutureWarning: The pynvml package is deprecated. Please install nvidia-ml-py instead. If you did not install pynvml directly, please report this to the maintainers of the package that installed pynvml for you.
  import pynvml  # type: ignore[import]
/home/minio/ai-training/.venv/lib/python3.12/site-packages/torch/cuda/__init__.py:64: FutureWarning: The pynvml package is deprecated. Please install nvidia-ml-py instead. If you did not install pynvml directly, please report this to the maintainers of the package that installed pynvml for you.
  import pynvml  # type: ignore[import]
/home/minio/ai-training/.venv/lib/python3.12/site-packages/torch/cuda/__init__.py:64: FutureWarning: The pynvml package is deprecated. Please install nvidia-ml-py instead. If you did not install pynvml directly, please report this to the maintainers of the package that installed pynvml for you.
  import pynvml  # type: ignore[import]
W0819 00:34:13.280000 185447 .venv/lib/python3.12/site-packages/torch/distributed/elastic/multiprocessing/api.py:1028] Sending process 185554 closing signal SIGTERM
W0819 00:34:13.282000 185447 .venv/lib/python3.12/site-packages/torch/distributed/elastic/multiprocessing/api.py:1028] Sending process 185555 closing signal SIGTERM
W0819 00:34:13.282000 185447 .venv/lib/python3.12/site-packages/torch/distributed/elastic/multiprocessing/api.py:1028] Sending process 185556 closing signal SIGTERM
W0819 00:34:13.282000 185447 .venv/lib/python3.12/site-packages/torch/distributed/elastic/multiprocessing/api.py:1028] Sending process 185558 closing signal SIGTERM
W0819 00:34:13.282000 185447 .venv/lib/python3.12/site-packages/torch/distributed/elastic/multiprocessing/api.py:1028] Sending process 185559 closing signal SIGTERM
W0819 00:34:13.282000 185447 .venv/lib/python3.12/site-packages/torch/distributed/elastic/multiprocessing/api.py:1028] Sending process 185560 closing signal SIGTERM
W0819 00:34:13.282000 185447 .venv/lib/python3.12/site-packages/torch/distributed/elastic/multiprocessing/api.py:1028] Sending process 185561 closing signal SIGTERM
E0819 00:34:21.498000 185447 .venv/lib/python3.12/site-packages/torch/distributed/elastic/multiprocessing/api.py:1002] failed (exitcode: -11) local_rank: 3 (pid: 185557) of binary: /home/minio/ai-training/.venv/bin/python
Traceback (most recent call last):
  File "/home/minio/ai-training/.venv/bin/torchrun", line 10, in <module>
    sys.exit(main())
             ^^^^^^
  File "/home/minio/ai-training/.venv/lib/python3.12/site-packages/torch/distributed/elastic/multiprocessing/errors/__init__.py", line 367, in wrapper
    return f(*args, **kwargs)
           ^^^^^^^^^^^^^^^^^^
  File "/home/minio/ai-training/.venv/lib/python3.12/site-packages/torch/distributed/run.py", line 1028, in main
    run(args)
  File "/home/minio/ai-training/.venv/lib/python3.12/site-packages/torch/distributed/run.py", line 1019, in run
    elastic_launch(
  File "/home/minio/ai-training/.venv/lib/python3.12/site-packages/torch/distributed/launcher/api.py", line 194, in __call__
    return launch_agent(
           ^^^^^^^^^^^^^
  File "/home/minio/ai-training/.venv/lib/python3.12/site-packages/torch/distributed/launcher/api.py", line 383, in launch_agent
    raise ChildFailedError(
torch.distributed.elastic.multiprocessing.errors.ChildFailedError: 
========================================================
s3rdma_train.train_resnet50 FAILED
--------------------------------------------------------
Failures:
[1]:
  time      : 2026-08-19_00:34:21
  host      : gpu-4
  rank      : 0 (local_rank: 0)
  exitcode  : -11 (pid: 185554)  (SIGSEGV)
  error_file: <N/A>
  traceback : Signal 11 (SIGSEGV) received by PID 185554
[2]:
  time      : 2026-08-19_00:34:21
  host      : gpu-4
  rank      : 1 (local_rank: 1)
  exitcode  : -11 (pid: 185555)  (SIGSEGV)
  error_file: <N/A>
  traceback : Signal 11 (SIGSEGV) received by PID 185555
[3]:
  time      : 2026-08-19_00:34:21
  host      : gpu-4
  rank      : 2 (local_rank: 2)
  exitcode  : -11 (pid: 185556)  (SIGSEGV)
  error_file: <N/A>
  traceback : Signal 11 (SIGSEGV) received by PID 185556
[4]:
  time      : 2026-08-19_00:34:21
  host      : gpu-4
  rank      : 4 (local_rank: 4)
  exitcode  : -11 (pid: 185558)  (SIGSEGV)
  error_file: <N/A>
  traceback : Signal 11 (SIGSEGV) received by PID 185558
[5]:
  time      : 2026-08-19_00:34:21
  host      : gpu-4
  rank      : 5 (local_rank: 5)
  exitcode  : -11 (pid: 185559)  (SIGSEGV)
  error_file: <N/A>
  traceback : Signal 11 (SIGSEGV) received by PID 185559
[6]:
  time      : 2026-08-19_00:34:21
  host      : gpu-4
  rank      : 6 (local_rank: 6)
  exitcode  : -11 (pid: 185560)  (SIGSEGV)
  error_file: <N/A>
  traceback : Signal 11 (SIGSEGV) received by PID 185560
[7]:
  time      : 2026-08-19_00:34:21
  host      : gpu-4
  rank      : 7 (local_rank: 7)
  exitcode  : -11 (pid: 185561)  (SIGSEGV)
  error_file: <N/A>
  traceback : Signal 11 (SIGSEGV) received by PID 185561
--------------------------------------------------------
Root Cause (first observed failure):
[0]:
  time      : 2026-08-19_00:34:13
  host      : gpu-4
  rank      : 3 (local_rank: 3)
  exitcode  : -11 (pid: 185557)  (SIGSEGV)
  error_file: <N/A>
  traceback : Signal 11 (SIGSEGV) received by PID 185557
========================================================
