/home/minio/ai-training/.venv/lib/python3.12/site-packages/torch/cuda/__init__.py:64: FutureWarning: The pynvml package is deprecated. Please install nvidia-ml-py instead. If you did not install pynvml directly, please report this to the maintainers of the package that installed pynvml for you.
  import pynvml  # type: ignore[import]
W0819 00:32:36.818000 184349 .venv/lib/python3.12/site-packages/torch/distributed/run.py:874] 
W0819 00:32:36.818000 184349 .venv/lib/python3.12/site-packages/torch/distributed/run.py:874] *****************************************
W0819 00:32:36.818000 184349 .venv/lib/python3.12/site-packages/torch/distributed/run.py:874] Setting OMP_NUM_THREADS environment variable for each process to be 1 in default, to avoid your system being overloaded, please further tune the variable for optimal performance in your application as needed. 
W0819 00:32:36.818000 184349 .venv/lib/python3.12/site-packages/torch/distributed/run.py:874] *****************************************
/home/minio/ai-training/.venv/lib/python3.12/site-packages/torch/cuda/__init__.py:64: FutureWarning: The pynvml package is deprecated. Please install nvidia-ml-py instead. If you did not install pynvml directly, please report this to the maintainers of the package that installed pynvml for you.
  import pynvml  # type: ignore[import]
/home/minio/ai-training/.venv/lib/python3.12/site-packages/torch/cuda/__init__.py:64: FutureWarning: The pynvml package is deprecated. Please install nvidia-ml-py instead. If you did not install pynvml directly, please report this to the maintainers of the package that installed pynvml for you.
  import pynvml  # type: ignore[import]
/home/minio/ai-training/.venv/lib/python3.12/site-packages/torch/cuda/__init__.py:64: FutureWarning: The pynvml package is deprecated. Please install nvidia-ml-py instead. If you did not install pynvml directly, please report this to the maintainers of the package that installed pynvml for you.
  import pynvml  # type: ignore[import]
/home/minio/ai-training/.venv/lib/python3.12/site-packages/torch/cuda/__init__.py:64: FutureWarning: The pynvml package is deprecated. Please install nvidia-ml-py instead. If you did not install pynvml directly, please report this to the maintainers of the package that installed pynvml for you.
  import pynvml  # type: ignore[import]
/home/minio/ai-training/.venv/lib/python3.12/site-packages/torch/cuda/__init__.py:64: FutureWarning: The pynvml package is deprecated. Please install nvidia-ml-py instead. If you did not install pynvml directly, please report this to the maintainers of the package that installed pynvml for you.
  import pynvml  # type: ignore[import]
/home/minio/ai-training/.venv/lib/python3.12/site-packages/torch/cuda/__init__.py:64: FutureWarning: The pynvml package is deprecated. Please install nvidia-ml-py instead. If you did not install pynvml directly, please report this to the maintainers of the package that installed pynvml for you.
  import pynvml  # type: ignore[import]
/home/minio/ai-training/.venv/lib/python3.12/site-packages/torch/cuda/__init__.py:64: FutureWarning: The pynvml package is deprecated. Please install nvidia-ml-py instead. If you did not install pynvml directly, please report this to the maintainers of the package that installed pynvml for you.
  import pynvml  # type: ignore[import]
/home/minio/ai-training/.venv/lib/python3.12/site-packages/torch/cuda/__init__.py:64: FutureWarning: The pynvml package is deprecated. Please install nvidia-ml-py instead. If you did not install pynvml directly, please report this to the maintainers of the package that installed pynvml for you.
  import pynvml  # type: ignore[import]
/home/minio/ai-training/.venv/lib/python3.12/site-packages/torch/distributed/c10d_logger.py:83: UserWarning: barrier(): using the device under current context. You can specify `device_id` in `init_process_group` to mute this warning.
  return func(*args, **kwargs)

==============================================================================
B3 ResNet-50 | backend=http layout=raw gpus=8 batch=256/gpu
==============================================================================
  seconds for 200 batches : 16.25 s
  images/s                        : 25209
  median step time                : 58.3 ms
  storage read                    : 72.0 GiB @ 4.76 GB/s
  time blocked on storage         : 0.00 s (0.0% of wall)
  host CPU                        : 11.3 cores
  server RDMA bytes               : 0
  fabric errors                   : 0
  shards read in window           : 96
  rank0 breakdown                 : fetch_wait 0.00s | decode 0.00s | augment 0.34s | compute 15.90s

saved: results/b3-resnet50-b3-ddp8-http-20260819-003319.json
